
> shaky-solstice@0.0.1 build
> astro build

[2m13:57:28[22m [34m[content][39m Syncing content
[2m13:57:28[22m [34m[content][39m Astro config changed
[2m13:57:28[22m [34m[content][39m Content config changed
[2m13:57:28[22m [34m[content][39m Clearing content store
node.exe : [31m[InvalidCon
tentEntryDataError][39m 
[1minsights ΓåÆ 
ee-in-5g[22m data does 
not match collection 
schema.
At C:\Program 
Files\nodejs\npm.ps1:29 
char:3
+   & $NODE_EXE 
$NPM_CLI_JS $args
+   ~~~~~~~~~~~~~~~~~~~~~~~
~~~~~~
    + CategoryInfo         
     : NotSpecified: ([3  
  1m[InvalidCo...lection   
  schema.:String) [], R    
emoteException
    + FullyQualifiedErrorI 
   d : NativeCommandError
 

  [1mlinkedinUrl**: 
**linkedinUrl[22m: 
Invalid url

  [1mHint:[22m
[33m    See [4mhttps://do
cs.astro.build/en/guides/co
ntent-collections/[24m 
for more information on 
content schemas.[39m
  [1mError reference:[22m
    [36m[4mhttps://docs.a
stro.build/en/reference/err
ors/invalid-content-entry-d
ata-error/[24m[39m
  [1mLocation:[22m
    [4mC:\Proyectos\Person
alProfessionalWebsite\src\c
ontent\insights\ee-in-5g.md
:0:0[24m
  [1mStack trace:[22m
[2m    at 
getEntryDataAndImages (file
:///C:/Proyectos/PersonalPr
ofessionalWebsite/node_modu
les/astro/dist/content/util
s.js:168:26)
    at async syncData (file
:///C:/Proyectos/PersonalPr
ofessionalWebsite/node_modu
les/astro/dist/content/load
ers/glob.js:94:28)[22m
